// Jest Snapshot v1, https://goo.gl/fbAQLP

exports[`CharacterList component will render Character components with the appropriate character selected 1`] = `
<ForwardRef
  activeKey="b2b"
  className="character-list"
  onSelect={[MockFunction]}
>
  <Bootstrap(Row)>
    <Col
      as="div"
      sm={3}
    >
      <Nav
        as="div"
        className="flex-column"
        fill={false}
        justify={false}
        variant="pills"
      >
        <NavLink
          as={[Function]}
          disabled={false}
          eventKey="a1a"
          key="a1a"
        >
          Mock Character 1
        </NavLink>
        <NavLink
          as={[Function]}
          disabled={false}
          eventKey="b2b"
          key="b2b"
        >
          Mock Character 2
        </NavLink>
        <NavLink
          as={[Function]}
          disabled={false}
          eventKey=""
        >
          <MdAdd />
        </NavLink>
      </Nav>
    </Col>
    <Col
      as="div"
      sm={9}
    >
      <Bootstrap(TabContent)>
        <TabPane
          eventKey="a1a"
          key="a1a"
        >
          <Connect(Character)
            characterId="a1a"
            selected={false}
          />
        </TabPane>
        <TabPane
          eventKey="b2b"
          key="b2b"
        >
          <Connect(Character)
            characterId="b2b"
            selected={true}
          />
        </TabPane>
        <TabPane
          eventKey=""
        >
          <Connect(NewCharacter) />
        </TabPane>
      </Bootstrap(TabContent)>
    </Col>
  </Bootstrap(Row)>
</ForwardRef>
`;
