// Jest Snapshot v1, https://goo.gl/fbAQLP

exports[`Page route table component will render the pages 1`] = `
<Switch>
  <Route
    exact={true}
    key="root"
    path="/"
    render={[Function]}
  />
  <Route
    component={
      Object {
        "$$typeof": Symbol(react.forward_ref),
        "load": [Function],
        "preload": [Function],
        "render": [Function],
      }
    }
    exact={true}
    key="characters"
    path="/characters"
  />
  <Route
    component={
      Object {
        "$$typeof": Symbol(react.forward_ref),
        "load": [Function],
        "preload": [Function],
        "render": [Function],
      }
    }
    exact={true}
    key="gauntlet"
    path="/gauntlet"
  />
</Switch>
`;
