// Jest Snapshot v1, https://goo.gl/fbAQLP

exports[`Character component will render Character component 1`] = `
<Card
  as="div"
  body={false}
  className="character"
  key="b2b"
>
  <CardHeader
    as="h5"
    className="bg-primary text-white"
  >
    <ClickableEdit
      setText={[Function]}
      text="Mock name"
    />
  </CardHeader>
  <CardBody>
    <CardText>
      Skills go here
    </CardText>
  </CardBody>
</Card>
`;
